Automated run: Tue Feb 24 14:19:19 UTC 2026
Automated run: Tue Feb 24 15:14:32 UTC 2026
Automated run: Wed Feb 25 15:15:28 UTC 2026
Automated run: Thu Feb 26 15:10:10 UTC 2026
Automated run: Fri Feb 27 15:02:50 UTC 2026
Automated run: Sat Feb 28 14:43:39 UTC 2026
Automated run: Sun Mar  1 14:45:43 UTC 2026
Automated run: Mon Mar  2 15:04:33 UTC 2026
Automated run: Tue Mar  3 15:09:37 UTC 2026
Automated run: Wed Mar  4 15:01:43 UTC 2026
Automated run: Thu Mar  5 15:10:15 UTC 2026
Automated run: Fri Mar  6 15:01:28 UTC 2026
Automated run: Sat Mar  7 14:45:45 UTC 2026
Automated run: Sun Mar  8 14:46:56 UTC 2026
Automated run: Mon Mar  9 15:15:11 UTC 2026
Automated run: Tue Mar 10 15:13:54 UTC 2026
Automated run: Wed Mar 11 15:09:55 UTC 2026
Automated run: Thu Mar 12 15:13:22 UTC 2026
Automated run: Fri Mar 13 15:06:32 UTC 2026
Automated run: Sat Mar 14 14:50:54 UTC 2026
Automated run: Sun Mar 15 14:52:38 UTC 2026
Automated run: Mon Mar 16 15:35:28 UTC 2026
Automated run: Tue Mar 17 15:34:52 UTC 2026
Automated run: Wed Mar 18 15:43:48 UTC 2026
Automated run: Thu Mar 19 15:09:35 UTC 2026
Automated run: Fri Mar 20 15:10:33 UTC 2026
Automated run: Sat Mar 21 14:49:07 UTC 2026
Automated run: Sun Mar 22 14:50:16 UTC 2026
Automated run: Mon Mar 23 15:31:52 UTC 2026
Automated run: Tue Mar 24 15:37:59 UTC 2026
Automated run: Wed Mar 25 15:39:52 UTC 2026
Automated run: Thu Mar 26 15:47:06 UTC 2026
Automated run: Fri Mar 27 15:12:42 UTC 2026
Automated run: Sat Mar 28 14:54:58 UTC 2026
Automated run: Sun Mar 29 14:56:42 UTC 2026
Automated run: Mon Mar 30 15:47:20 UTC 2026
Automated run: Wed Apr  1 15:48:52 UTC 2026
Automated run: Thu Apr  2 15:31:09 UTC 2026
